timestamp | active PJSIP channels
===== 2026-09-25 05:03:21 =====
(no active PJSIP channels)
===== 2026-09-25 05:03:22 =====
(no active PJSIP channels)
===== 2026-09-25 05:03:23 =====
(no active PJSIP channels)
===== 2026-09-25 05:03:24 =====
(no active PJSIP channels)
===== 2026-09-25 05:03:25 =====
(no active PJSIP channels)
===== 2026-09-25 05:03:26 =====
(no active PJSIP channels)
===== 2026-09-25 05:03:27 =====
(no active PJSIP channels)
===== 2026-09-25 05:03:28 =====
(no active PJSIP channels)
===== 2026-09-25 05:03:29 =====
(no active PJSIP channels)
===== 2026-09-25 05:03:30 =====
(no active PJSIP channels)
===== 2026-09-25 05:03:31 =====
(no active PJSIP channels)
===== 2026-09-25 05:03:32 =====
(no active PJSIP channels)
===== 2026-09-25 05:03:33 =====
(no active PJSIP channels)
===== 2026-09-25 05:03:34 =====
PJSIP/120-webrtc-00000018/Dial
PJSIP/zadarma-00000019/AppDial
===== 2026-09-25 05:03:35 =====
PJSIP/120-webrtc-00000018/Dial
PJSIP/zadarma-00000019/AppDial
===== 2026-09-25 05:03:36 =====
PJSIP/120-webrtc-00000018/Dial
PJSIP/zadarma-00000019/AppDial
===== 2026-09-25 05:03:37 =====
PJSIP/120-webrtc-00000018/Dial
PJSIP/zadarma-00000019/AppDial
===== 2026-09-25 05:03:38 =====
PJSIP/120-webrtc-00000018/Dial
PJSIP/zadarma-00000019/AppDial
===== 2026-09-25 05:03:39 =====
PJSIP/120-webrtc-00000018/Dial
PJSIP/zadarma-00000019/AppDial
===== 2026-09-25 05:03:40 =====
PJSIP/120-webrtc-00000018/Dial
PJSIP/zadarma-00000019/AppDial
===== 2026-09-25 05:03:41 =====
PJSIP/120-webrtc-00000018/Dial
PJSIP/zadarma-00000019/AppDial
===== 2026-09-25 05:03:42 =====
PJSIP/120-webrtc-00000018/Dial
PJSIP/zadarma-00000019/AppDial
===== 2026-09-25 05:03:43 =====
PJSIP/120-webrtc-00000018/Dial
PJSIP/zadarma-00000019/AppDial
===== 2026-09-25 05:03:44 =====
PJSIP/120-webrtc-00000018/Dial
PJSIP/zadarma-00000019/AppDial
===== 2026-09-25 05:03:45 =====
PJSIP/120-webrtc-00000018/Dial
PJSIP/zadarma-00000019/AppDial
===== 2026-09-25 05:03:46 =====
PJSIP/120-webrtc-00000018/Dial
PJSIP/zadarma-00000019/AppDial
===== 2026-09-25 05:03:47 =====
PJSIP/120-webrtc-00000018/Dial
PJSIP/zadarma-00000019/AppDial
===== 2026-09-25 05:03:48 =====
PJSIP/120-webrtc-00000018/Dial
PJSIP/zadarma-00000019/AppDial
===== 2026-09-25 05:03:49 =====
PJSIP/120-webrtc-00000018/Dial
PJSIP/zadarma-00000019/AppDial
===== 2026-09-25 05:03:50 =====
PJSIP/120-webrtc-00000018/Dial
PJSIP/zadarma-00000019/AppDial
